============== SCRIPT STARTING ==============
Loading setup...
Working directory already correctly set to: C:/Users/PC/OneDrive/Desktop/25Spr/01_BOAT2/BOAT2 Cluster and Factor 
Setup complete! All required packages are loaded.
Project directories initialized.
IMPORTANT DEBUG NOTE: In previous versions, 'filtered_data' was referenced but never defined.
This script has been updated to use consistent dataframe naming to identify where NAs occur.
Importing raw data from original survey export...
Raw data dimensions: 405 132 
Number of NAs in raw data: 33714 
Exploring and cleaning data...
First 20 column names: Start_Date, End_Date, Status, IPAddress, Progress, Duration, Finished, Recorded_Date, ResponseID, RecipientLastName, RecipientFirstName, RecipientEmail, ExternalReference, LocationLatitude, LocationLongitude, DistributionChannel, UserLanguage, Consent, Owner_Type, Experience_DBB 
Column names 21-40: Experience_DB, Experience_PDB, Experience_CMR, Experience_IPD, Experience_Other, Experience_Other_Text, Job_Level, Project_Type, Project_Type_Text, Project_Size, PDM_Type, PDM_Type_Text, Project_Success, Org_Structure_Employees, Org_Structure_Locations, Org_Structure_Depts, Org_Structure_Layers, Org_Structure_DeliverySpeed, Org_Structure_Predictability, Org_Structure_Scope 
Column names 41-60: Org_Structure_Flexibility, Org_Structure_ownerinvolved, Org_Structure_techcomplexity, Org_Structure_Collab, Org_Structure_Risks, Org_Structure_teamcomplexity, Org_Structure_Pdtext, Distribution_Centralization1, Distribution_Centralization2, Distribution_Formalization1, Distribution_Formalization2, Distribution_DeliverySpeed, Distribution_Predictability, Distribution_Scope, Distribution_Flexibility, Distribution_ownerinvolved, Distribution_techcomplexity, Distribution_Collab, Distribution_Risks, Distribution_teamcomplexity 

PDM Experience columns inspection:
Found experience columns: Experience_DBB, Experience_DB, Experience_PDB, Experience_CMR, Experience_IPD, Experience_Other, Experience_Other_Text 
Example values for Experience columns:
# A tibble: 6 × 7
  Experience_DBB     Experience_DB  Experience_PDB Experience_CMR Experience_IPD
  <chr>              <chr>          <chr>          <chr>          <chr>         
1 used it many times used it many … never used it… used it once … never used it…
2 <NA>               <NA>           <NA>           used it many … <NA>          
3 <NA>               <NA>           <NA>           <NA>           <NA>          
4 <NA>               <NA>           <NA>           <NA>           <NA>          
5 <NA>               <NA>           <NA>           never used it… <NA>          
6 used it many times used it many … used it many … used it many … never used it…
# ℹ 2 more variables: Experience_Other <chr>, Experience_Other_Text <chr>

Unique values in Experience columns:
Experience_DBB unique values: used it many times, never used it but familiar with it, never used it and not familiar with it, used it once or twice 
Experience_DB unique values: used it many times, used it once or twice, never used it and not familiar with it, never used it but familiar with it 
Experience_PDB unique values: never used it but familiar with it, used it many times, used it once or twice, never used it and not familiar with it 
Experience_CMR unique values: used it once or twice, used it many times, never used it but familiar with it, never used it and not familiar with it 
Experience_IPD unique values: never used it and not familiar with it, never used it but familiar with it, used it once or twice, used it many times 

Pre-cleaning: Removing irrelevant variables and empty cases...
After removing irrelevant variables - dimensions: 405 100 
Number of NAs after removing irrelevant variables: 26139 
After removing empty cases - dimensions: 278 100 
Number of NAs after removing empty cases: 13439 
After removing rows with NA PDM_Type - dimensions: 231 100 
Number of NAs after removing rows with NA PDM_Type: 9070 
Applying 80% completion filter...
After pre-cleaning and 80% completion filtering: 109 rows remain
Number of NAs in pre_cleaned_data: 240 
First 5 rows of pre_cleaned_data (selected columns only):
# A tibble: 5 × 6
  PDM_Type            Experience_DBB Experience_DB Experience_PDB Experience_CMR
  <chr>               <chr>          <chr>         <chr>          <chr>         
1 Progressive Design… used it many … used it many… used it many … used it many …
2 Progressive Design… used it many … used it once… used it many … never used it…
3 Progressive Design… used it many … used it many… used it once … used it many …
4 Construction Manag… never used it… used it once… <NA>           used it many …
5 Construction Manag… never used it… never used i… used it once … used it once …
# ℹ 1 more variable: Experience_IPD <chr>

Manually fixing outliers...
After manually fixing outliers - dimensions: 109 100 
Number of NAs after fixing outliers: 240 
After fixing data types - dimensions: 109 100 
Number of NAs after fixing data types: 243 
After renaming - dimensions: 109 100 
Number of NAs after renaming: 243 

Checking critical variables after renaming:
PDM_Selected class: character 
PDM_Experience_DBB class: character 
PDM_Experience_DB class: character 
PDM_Experience_PDB class: character 
PDM_Experience_CMAR class: character 
PDM_Experience_IPD class: character 
After converting experience variables to numeric - dimensions: 109 100 
Number of NAs after converting experience to numeric: 226 

Checking PDM experience variables after conversion:
PDM_Experience_DBB summary:

 1  2  3  4 
 1  4 10 94 
PDM_Experience_DB summary:

 1  2  3  4 
 4  8 42 55 
PDM_Experience_PDB summary:

 1  2  3  4 
23 41 30 15 
PDM_Experience_CMAR summary:

 1  2  3  4 
 9 23 29 48 
PDM_Experience_IPD summary:

 1  2  3  4 
30 45 18 16 

Imputing remaining NAs with column median values...
NA count before imputation: 226 
NA count after imputation: 208 

Extracting columns needed for analysis...
After selecting relevant columns - dimensions: 109 32 
Number of NAs after selecting columns: 0 

Cleaned data columns: PDM_Selected, PDM_Experience_DBB, PDM_Experience_DB, PDM_Experience_PDB, PDM_Experience_CMAR, PDM_Experience_IPD, ORG_Employees, ORG_Locations, ORG_Departments, ORG_Layers, DIST_Athority_Dispersion, DIST_Athority_Delegation, DIST_Process_InformalCommunication, DIST_Process_InformalProcedure, STY_DataDriven, STY_Participation_Inclusion, STY_Participation_Relational, STY_Adaptive_Informal, STY_Adaptive_Changeable, STY_Authoritative_Threats, STY_Authoritative_Compliance, CUL_Command, CUL_Symbolic, CUL_Formal, CUL_Experimental, CUL_Learning, FLEX_OpenToNewIdeas, FLEX_OpenToChanges, RISK_Tolerance, ENV_SustainedGrowth, ENV_HighriskIndustry, ENV_IndustryStability 

Values for PDM Experience columns after cleaning:
PDM_Experience_DBB summary:

 1  2  3  4 
 1  4 10 94 
PDM_Experience_DB summary:

 1  2  3  4 
 4  8 42 55 
PDM_Experience_PDB summary:

 1  2  3  4 
23 41 30 15 
PDM_Experience_CMAR summary:

 1  2  3  4 
 9 23 29 48 
PDM_Experience_IPD summary:

 1  2  3  4 
30 45 18 16 
After cleaning PDM_Selected values - dimensions: 109 32 
Number of NAs after cleaning PDM values: 0 

PDM Type distribution after cleaning:

      Construction Manager @ Risk                  Design-Bid-Build 
                               26                                24 
                     Design-Build Integrated Project Delivery (IPD) 
                               38                                10 
         Progressive Design-Build 
                               11 

Final cleaned data dimensions: 109 32 
Number of NAs in final cleaned data: 0 
Creating datasets for analysis...
Enhanced dataset dimensions: 109 32 
Number of NAs in enhanced dataset: 0 
Saving datasets to data folder...
Saved data to: data/BOAT2_Data_Enhanced.csv 

============ SUMMARY STATISTICS BY VARIABLE GROUPS ============

1) PDM Experience Variables Summary:
 PDM_Experience_DBB PDM_Experience_DB PDM_Experience_PDB PDM_Experience_CMAR
 Min.   :1.000      Min.   :1.000     Min.   :1.000      Min.   :1.000      
 1st Qu.:4.000      1st Qu.:3.000     1st Qu.:2.000      1st Qu.:2.000      
 Median :4.000      Median :4.000     Median :2.000      Median :3.000      
 Mean   :3.807      Mean   :3.358     Mean   :2.339      Mean   :3.064      
 3rd Qu.:4.000      3rd Qu.:4.000     3rd Qu.:3.000      3rd Qu.:4.000      
 Max.   :4.000      Max.   :4.000     Max.   :4.000      Max.   :4.000      
 PDM_Experience_IPD
 Min.   :1.000     
 1st Qu.:1.000     
 Median :2.000     
 Mean   :2.183     
 3rd Qu.:3.000     
 Max.   :4.000     

2) Organizational Structure Variables Summary:
 ORG_Employees     ORG_Locations     ORG_Departments    ORG_Layers   
 Min.   :   2.00   Min.   :  1.000   Min.   : 1.000   Min.   :1.000  
 1st Qu.:   6.00   1st Qu.:  1.000   1st Qu.: 3.000   1st Qu.:2.000  
 Median :  12.00   Median :  2.000   Median : 5.000   Median :3.000  
 Mean   :  61.26   Mean   :  4.661   Mean   : 6.798   Mean   :3.138  
 3rd Qu.:  25.00   3rd Qu.:  3.000   3rd Qu.: 8.000   3rd Qu.:4.000  
 Max.   :3700.00   Max.   :125.000   Max.   :35.000   Max.   :9.000  

3) Decision Distribution Variables Summary:
 DIST_Athority_Dispersion DIST_Athority_Delegation
 Min.   :1.000            Min.   :1.000           
 1st Qu.:3.000            1st Qu.:2.000           
 Median :4.000            Median :4.000           
 Mean   :3.532            Mean   :3.339           
 3rd Qu.:4.000            3rd Qu.:4.000           
 Max.   :5.000            Max.   :5.000           
 DIST_Process_InformalCommunication DIST_Process_InformalProcedure
 Min.   :1.000                      Min.   :1.000                 
 1st Qu.:3.000                      1st Qu.:3.000                 
 Median :4.000                      Median :4.000                 
 Mean   :3.569                      Mean   :3.468                 
 3rd Qu.:4.000                      3rd Qu.:4.000                 
 Max.   :5.000                      Max.   :5.000                 

4) Decision Style Variables Summary:
 STY_DataDriven  STY_Participation_Inclusion STY_Participation_Relational
 Min.   :1.000   Min.   :1.000               Min.   :1.000               
 1st Qu.:3.000   1st Qu.:3.000               1st Qu.:3.000               
 Median :4.000   Median :4.000               Median :4.000               
 Mean   :3.468   Mean   :3.661               Mean   :3.844               
 3rd Qu.:4.000   3rd Qu.:4.000               3rd Qu.:5.000               
 Max.   :5.000   Max.   :5.000               Max.   :5.000               
 STY_Adaptive_Informal STY_Adaptive_Changeable STY_Authoritative_Threats
 Min.   :2.000         Min.   :1.000           Min.   :1.00             
 1st Qu.:3.000         1st Qu.:3.000           1st Qu.:1.00             
 Median :4.000         Median :4.000           Median :2.00             
 Mean   :3.661         Mean   :3.743           Mean   :2.22             
 3rd Qu.:4.000         3rd Qu.:4.000           3rd Qu.:3.00             
 Max.   :5.000         Max.   :5.000           Max.   :5.00             
 STY_Authoritative_Compliance
 Min.   :1.000               
 1st Qu.:1.000               
 Median :2.000               
 Mean   :2.376               
 3rd Qu.:3.000               
 Max.   :5.000               

5) Organizational Culture Variables Summary:
  CUL_Command     CUL_Symbolic     CUL_Formal    CUL_Experimental
 Min.   :1.000   Min.   :1.000   Min.   :2.000   Min.   :1.00    
 1st Qu.:3.000   1st Qu.:3.000   1st Qu.:3.000   1st Qu.:3.00    
 Median :4.000   Median :4.000   Median :4.000   Median :4.00    
 Mean   :3.367   Mean   :3.706   Mean   :3.523   Mean   :3.45    
 3rd Qu.:4.000   3rd Qu.:4.000   3rd Qu.:4.000   3rd Qu.:4.00    
 Max.   :5.000   Max.   :5.000   Max.   :5.000   Max.   :5.00    
  CUL_Learning  
 Min.   :1.000  
 1st Qu.:4.000  
 Median :4.000  
 Mean   :3.945  
 3rd Qu.:5.000  
 Max.   :5.000  

6) Flexibility, Risk and Environment Variables Summary:
 FLEX_OpenToNewIdeas FLEX_OpenToChanges RISK_Tolerance  ENV_SustainedGrowth
 Min.   :1.000       Min.   :1.000      Min.   :1.000   Min.   :1.000      
 1st Qu.:3.000       1st Qu.:3.000      1st Qu.:2.000   1st Qu.:3.000      
 Median :4.000       Median :4.000      Median :3.000   Median :4.000      
 Mean   :3.761       Mean   :3.376      Mean   :2.936   Mean   :3.716      
 3rd Qu.:5.000       3rd Qu.:4.000      3rd Qu.:4.000   3rd Qu.:4.000      
 Max.   :5.000       Max.   :5.000      Max.   :5.000   Max.   :5.000      
 ENV_HighriskIndustry ENV_IndustryStability
 Min.   :1.000        Min.   :1.000        
 1st Qu.:2.000        1st Qu.:3.000        
 Median :2.000        Median :4.000        
 Mean   :2.477        Mean   :3.651        
 3rd Qu.:3.000        3rd Qu.:4.000        
 Max.   :5.000        Max.   :5.000        

7) Project Delivery Method Selected Distribution:
                       PDM_Selected Count Percentage
1       Construction Manager @ Risk    26  23.853211
2                  Design-Bid-Build    24  22.018349
3                      Design-Build    38  34.862385
4 Integrated Project Delivery (IPD)    10   9.174312
5          Progressive Design-Build    11  10.091743

8) Correlation within PDM Experience variables:
                    PDM_Experience_DBB PDM_Experience_DB PDM_Experience_PDB
PDM_Experience_DBB                1.00              0.26               0.04
PDM_Experience_DB                 0.26              1.00               0.31
PDM_Experience_PDB                0.04              0.31               1.00
PDM_Experience_CMAR              -0.05              0.27               0.15
PDM_Experience_IPD               -0.07              0.08               0.16
                    PDM_Experience_CMAR PDM_Experience_IPD
PDM_Experience_DBB                -0.05              -0.07
PDM_Experience_DB                  0.27               0.08
PDM_Experience_PDB                 0.15               0.16
PDM_Experience_CMAR                1.00               0.44
PDM_Experience_IPD                 0.44               1.00

9) Correlation within Organizational Structure variables:
                ORG_Employees ORG_Locations ORG_Departments ORG_Layers
ORG_Employees            1.00          0.71            0.01      -0.08
ORG_Locations            0.71          1.00           -0.03      -0.05
ORG_Departments          0.01         -0.03            1.00       0.15
ORG_Layers              -0.08         -0.05            0.15       1.00

Data preparation complete!
Created and saved enhanced BOAT2 dataset with PDM experience variables in data folder
